
[1m[30m[46m RUN [49m[39m[22m [36mv4.1.4 [39m[90m/app[39m

 [32m✓[39m test/modules/jogos/jogo.service.spec.ts [2m([22m[2m42 tests[22m[2m)[22m[32m 47[2mms[22m[39m
 [32m✓[39m test/common/presenters/presenters.pbt.spec.ts [2m([22m[2m5 tests[22m[2m)[22m[33m 400[2mms[22m[39m
 [32m✓[39m test/modules/ranking/ranking.service.spec.ts [2m([22m[2m25 tests[22m[2m)[22m[32m 60[2mms[22m[39m
 [32m✓[39m test/modules/jogos/fase.service.pbt.spec.ts [2m([22m[2m3 tests[22m[2m)[22m[32m 218[2mms[22m[39m
 [32m✓[39m test/modules/palpites/palpite-dobrado.service.pbt.spec.ts [2m([22m[2m10 tests[22m[2m)[22m[32m 234[2mms[22m[39m
 [32m✓[39m test/modules/palpites/palpite.service.pbt.spec.ts [2m([22m[2m9 tests[22m[2m)[22m[32m 271[2mms[22m[39m
[32m[Nest] 2963  - [39m06/17/2026, 9:31:03 PM [32m    LOG[39m [38;5;3m[JogoService] [39m[32m[SYNC] Iniciando sincronização: fase=fase-pc, campeonato=brasileirao, faseSlug=fase-unica-campeonato-brasileiro-2026[39m
[32m[Nest] 2963  - [39m06/17/2026, 9:31:03 PM [32m    LOG[39m [38;5;3m[JogoService] [39m[32m[SYNC] Fases para sincronizar: 1 (Rodada 1)[39m
[32m[Nest] 2963  - [39m06/17/2026, 9:31:03 PM [32m    LOG[39m [38;5;3m[JogoService] [39m[32m[SYNC] rodadaAtual=1, limiteRodada=2, jogosParaSync=0[39m
[32m[Nest] 2963  - [39m06/17/2026, 9:31:03 PM [32m    LOG[39m [38;5;3m[JogoService] [39m[32m[SYNC] Nenhum jogo para sincronizar[39m
 [32m✓[39m test/modules/jogos/jogo.service.pbt.spec.ts [2m([22m[2m25 tests[22m[2m)[22m[33m 498[2mms[22m[39m
 [32m✓[39m test/modules/jogos/importacao-multi-campeonato.spec.ts [2m([22m[2m16 tests[22m[2m)[22m[32m 35[2mms[22m[39m
 [32m✓[39m test/modules/temporadas/temporadas.service.spec.ts [2m([22m[2m13 tests[22m[2m)[22m[32m 32[2mms[22m[39m
 [32m✓[39m test/modules/palpites/palpite.service.spec.ts [2m([22m[2m37 tests[22m[2m)[22m[32m 46[2mms[22m[39m
 [32m✓[39m test/modules/grupo-usuario/grupo-usuario.service.spec.ts [2m([22m[2m29 tests[22m[2m)[22m[32m 32[2mms[22m[39m
[31m[Nest] 3032  - [39m06/17/2026, 9:31:04 PM [31m  ERROR[39m [38;5;3m[FutebolApiService] [39m[31mAPI externa retornou status 500[39m
[31m[Nest] 3032  - [39m06/17/2026, 9:31:04 PM [31m  ERROR[39m [38;5;3m[FutebolApiService] [39m[31mErro ao comunicar com API externa de futebol[39m
[31m[Nest] 3032  - [39m06/17/2026, 9:31:04 PM [31m  ERROR[39m [38;5;3m[FutebolApiService] [39mError: Network error
    at [90m/app/[39mtest/modules/jogos/futebol-api.service.spec.ts:77:35
    at [90mfile:///app/[39mnode_modules/[4m@vitest/runner[24m/dist/chunk-artifact.js:302:11
    at [90mfile:///app/[39mnode_modules/[4m@vitest/runner[24m/dist/chunk-artifact.js:1903:26
    at [90mfile:///app/[39mnode_modules/[4m@vitest/runner[24m/dist/chunk-artifact.js:2326:20
    at new Promise (<anonymous>)
    at runWithCancel [90m(file:///app/[39mnode_modules/[4m@vitest/runner[24m/dist/chunk-artifact.js:2323:10[90m)[39m
    at [90mfile:///app/[39mnode_modules/[4m@vitest/runner[24m/dist/chunk-artifact.js:2305:20
    at new Promise (<anonymous>)
    at runWithTimeout [90m(file:///app/[39mnode_modules/[4m@vitest/runner[24m/dist/chunk-artifact.js:2272:10[90m)[39m
    at [90mfile:///app/[39mnode_modules/[4m@vitest/runner[24m/dist/chunk-artifact.js:2955:64
[31m[Nest] 3032  - [39m06/17/2026, 9:31:04 PM [31m  ERROR[39m [38;5;3m[FutebolApiService] [39m[31mAPI externa retornou status 500[39m
[31m[Nest] 3032  - [39m06/17/2026, 9:31:04 PM [31m  ERROR[39m [38;5;3m[FutebolApiService] [39m[31mAPI externa retornou status 500[39m
 [32m✓[39m test/modules/jogos/futebol-api.service.spec.ts [2m([22m[2m19 tests[22m[2m)[22m[32m 44[2mms[22m[39m
 [32m✓[39m test/modules/usuarios/usuarios.service.spec.ts [2m([22m[2m20 tests[22m[2m)[22m[32m 37[2mms[22m[39m
 [32m✓[39m test/modules/grupos/grupos.service.spec.ts [2m([22m[2m23 tests[22m[2m)[22m[32m 49[2mms[22m[39m
 [32m✓[39m test/modules/palpites/palpite-dobrado.service.spec.ts [2m([22m[2m16 tests[22m[2m)[22m[32m 39[2mms[22m[39m
[32m[Nest] 3087  - [39m06/17/2026, 9:31:05 PM [32m    LOG[39m [38;5;3m[JogoService] [39m[32m[SYNC] Iniciando sincronização: fase=fase-sync-1, campeonato=copa-do-mundo-2026, faseSlug=fase-de-grupos-copa-do-mundo-2026[39m
[32m[Nest] 3087  - [39m06/17/2026, 9:31:05 PM [32m    LOG[39m [38;5;3m[JogoService] [39m[32m[SYNC] Fases para sincronizar: 1 (Fase de Grupos - Grupo A)[39m
[32m[Nest] 3087  - [39m06/17/2026, 9:31:05 PM [32m    LOG[39m [38;5;3m[JogoService] [39m[32m[SYNC] rodadaAtual=1, limiteRodada=2, jogosParaSync=1[39m
[32m[Nest] 3087  - [39m06/17/2026, 9:31:05 PM [32m    LOG[39m [38;5;3m[JogoService] [39m[32m[SYNC] API respondeu em 1ms — jogos encontrados na API: 1, apiDisponivel=true[39m
[32m[Nest] 3087  - [39m06/17/2026, 9:31:05 PM [32m    LOG[39m [38;5;3m[JogoService] [39m[32m[SYNC] ⚽ BRA 2 x 1 ARG → FINALIZADO[39m
[32m[Nest] 3087  - [39m06/17/2026, 9:31:05 PM [32m    LOG[39m [38;5;3m[JogoService] [39m[32m[SYNC] Processamento de 1 jogos em 1ms — sincronizados=1[39m
[32m[Nest] 3087  - [39m06/17/2026, 9:31:05 PM [32m    LOG[39m [38;5;3m[JogoService] [39m[32m[SYNC] Sincronização completa em 9ms[39m
 [32m✓[39m test/modules/palpites/painel-rodada.service.spec.ts [2m([22m[2m8 tests[22m[2m)[22m[32m 52[2mms[22m[39m
[32m[Nest] 3087  - [39m06/17/2026, 9:31:05 PM [32m    LOG[39m [38;5;3m[JogoService] [39m[32m[SYNC] Iniciando sincronização: fase=fase-sync-1, campeonato=copa-do-mundo-2026, faseSlug=oitavas-de-final-copa-do-mundo-2026[39m
[32m[Nest] 3087  - [39m06/17/2026, 9:31:05 PM [32m    LOG[39m [38;5;3m[JogoService] [39m[32m[SYNC] Fases para sincronizar: 1 (Fase de Grupos - Grupo A)[39m
[32m[Nest] 3087  - [39m06/17/2026, 9:31:05 PM [32m    LOG[39m [38;5;3m[JogoService] [39m[32m[SYNC] rodadaAtual=1, limiteRodada=2, jogosParaSync=1[39m
[32m[Nest] 3087  - [39m06/17/2026, 9:31:05 PM [32m    LOG[39m [38;5;3m[JogoService] [39m[32m[SYNC] API respondeu em 0ms — jogos encontrados na API: 1, apiDisponivel=true[39m
[32m[Nest] 3087  - [39m06/17/2026, 9:31:05 PM [32m    LOG[39m [38;5;3m[JogoService] [39m[32m[SYNC] ⚽ BRA 1 x 1 ARG → FINALIZADO[39m
[32m[Nest] 3087  - [39m06/17/2026, 9:31:05 PM [32m    LOG[39m [38;5;3m[JogoService] [39m[32m[SYNC] Processamento de 1 jogos em 0ms — sincronizados=1[39m
[32m[Nest] 3087  - [39m06/17/2026, 9:31:05 PM [32m    LOG[39m [38;5;3m[JogoService] [39m[32m[SYNC] Sincronização completa em 2ms[39m
[32m[Nest] 3087  - [39m06/17/2026, 9:31:05 PM [32m    LOG[39m [38;5;3m[JogoService] [39m[32m[SYNC] Iniciando sincronização: fase=fase-sync-1, campeonato=copa-do-mundo-2026, faseSlug=fase-de-grupos-copa-do-mundo-2026[39m
[32m[Nest] 3087  - [39m06/17/2026, 9:31:05 PM [32m    LOG[39m [38;5;3m[JogoService] [39m[32m[SYNC] Fases para sincronizar: 1 (Fase de Grupos - Grupo A)[39m
[32m[Nest] 3087  - [39m06/17/2026, 9:31:05 PM [32m    LOG[39m [38;5;3m[JogoService] [39m[32m[SYNC] rodadaAtual=1, limiteRodada=2, jogosParaSync=1[39m
[32m[Nest] 3087  - [39m06/17/2026, 9:31:05 PM [32m    LOG[39m [38;5;3m[JogoService] [39m[32m[SYNC] API respondeu em 0ms — jogos encontrados na API: 1, apiDisponivel=true[39m
[32m[Nest] 3087  - [39m06/17/2026, 9:31:05 PM [32m    LOG[39m [38;5;3m[JogoService] [39m[32m[SYNC] ⚽ BRA 1 x 0 ARG → EM_ANDAMENTO[39m
[32m[Nest] 3087  - [39m06/17/2026, 9:31:05 PM [32m    LOG[39m [38;5;3m[JogoService] [39m[32m[SYNC] Processamento de 1 jogos em 0ms — sincronizados=1[39m
[32m[Nest] 3087  - [39m06/17/2026, 9:31:05 PM [32m    LOG[39m [38;5;3m[JogoService] [39m[32m[SYNC] Sincronização completa em 1ms[39m
[32m[Nest] 3087  - [39m06/17/2026, 9:31:05 PM [32m    LOG[39m [38;5;3m[JogoService] [39m[32m[SYNC] Iniciando sincronização: fase=fase-sync-1, campeonato=copa-do-mundo-2026, faseSlug=fase-de-grupos-copa-do-mundo-2026[39m
[32m[Nest] 3087  - [39m06/17/2026, 9:31:05 PM [32m    LOG[39m [38;5;3m[JogoService] [39m[32m[SYNC] Fases para sincronizar: 1 (Fase de Grupos - Grupo A)[39m
[32m[Nest] 3087  - [39m06/17/2026, 9:31:05 PM [32m    LOG[39m [38;5;3m[JogoService] [39m[32m[SYNC] rodadaAtual=1, limiteRodada=2, jogosParaSync=0[39m
[32m[Nest] 3087  - [39m06/17/2026, 9:31:05 PM [32m    LOG[39m [38;5;3m[JogoService] [39m[32m[SYNC] Nenhum jogo para sincronizar[39m
[32m[Nest] 3087  - [39m06/17/2026, 9:31:05 PM [32m    LOG[39m [38;5;3m[JogoService] [39m[32m[SYNC] Iniciando sincronização: fase=fase-sync-1, campeonato=copa-do-mundo-2026, faseSlug=fase-de-grupos-copa-do-mundo-2026[39m
[32m[Nest] 3087  - [39m06/17/2026, 9:31:05 PM [32m    LOG[39m [38;5;3m[JogoService] [39m[32m[SYNC] Fases para sincronizar: 1 (Fase de Grupos - Grupo A)[39m
[32m[Nest] 3087  - [39m06/17/2026, 9:31:05 PM [32m    LOG[39m [38;5;3m[JogoService] [39m[32m[SYNC] rodadaAtual=1, limiteRodada=2, jogosParaSync=0[39m
[32m[Nest] 3087  - [39m06/17/2026, 9:31:05 PM [32m    LOG[39m [38;5;3m[JogoService] [39m[32m[SYNC] Nenhum jogo para sincronizar[39m
[32m[Nest] 3087  - [39m06/17/2026, 9:31:05 PM [32m    LOG[39m [38;5;3m[JogoService] [39m[32m[SYNC] Iniciando sincronização: fase=fase-sync-1, campeonato=copa-do-mundo-2026, faseSlug=fase-de-grupos-copa-do-mundo-2026[39m
[32m[Nest] 3087  - [39m06/17/2026, 9:31:05 PM [32m    LOG[39m [38;5;3m[JogoService] [39m[32m[SYNC] Fases para sincronizar: 1 (Fase de Grupos - Grupo A)[39m
[32m[Nest] 3087  - [39m06/17/2026, 9:31:05 PM [32m    LOG[39m [38;5;3m[JogoService] [39m[32m[SYNC] rodadaAtual=1, limiteRodada=2, jogosParaSync=0[39m
[32m[Nest] 3087  - [39m06/17/2026, 9:31:05 PM [32m    LOG[39m [38;5;3m[JogoService] [39m[32m[SYNC] Nenhum jogo para sincronizar[39m
[32m[Nest] 3087  - [39m06/17/2026, 9:31:05 PM [32m    LOG[39m [38;5;3m[JogoService] [39m[32m[SYNC] Iniciando sincronização: fase=fase-sync-1, campeonato=copa-do-mundo-2026, faseSlug=fase-de-grupos-copa-do-mundo-2026[39m
[32m[Nest] 3087  - [39m06/17/2026, 9:31:05 PM [32m    LOG[39m [38;5;3m[JogoService] [39m[32m[SYNC] Fases para sincronizar: 1 (Fase de Grupos - Grupo A)[39m
[32m[Nest] 3087  - [39m06/17/2026, 9:31:05 PM [32m    LOG[39m [38;5;3m[JogoService] [39m[32m[SYNC] rodadaAtual=1, limiteRodada=2, jogosParaSync=1[39m
[33m[Nest] 3087  - [39m06/17/2026, 9:31:05 PM [33m   WARN[39m [38;5;3m[JogoService] [39m[33mAPI externa indisponível durante sincronização, usando fallback interno[39m
[32m[Nest] 3087  - [39m06/17/2026, 9:31:05 PM [32m    LOG[39m [38;5;3m[JogoService] [39m[32m[SYNC] API respondeu em 1ms — jogos encontrados na API: 0, apiDisponivel=false[39m
[33m[Nest] 3087  - [39m06/17/2026, 9:31:05 PM [33m   WARN[39m [38;5;3m[JogoService] [39m[33mUsando fallback interno para jogo 5e8b7fb9-eafc-4b86-8ba2-bbcdb821d15f (externoId: 99001)[39m
[32m[Nest] 3087  - [39m06/17/2026, 9:31:05 PM [32m    LOG[39m [38;5;3m[JogoService] [39m[32m[SYNC] ⚽ BRA ? x ? ARG → FINALIZADO[39m
[32m[Nest] 3087  - [39m06/17/2026, 9:31:05 PM [32m    LOG[39m [38;5;3m[JogoService] [39m[32m[SYNC] Processamento de 1 jogos em 0ms — sincronizados=1[39m
[32m[Nest] 3087  - [39m06/17/2026, 9:31:05 PM [32m    LOG[39m [38;5;3m[JogoService] [39m[32m[SYNC] Sincronização completa em 1ms[39m
[32m[Nest] 3087  - [39m06/17/2026, 9:31:05 PM [32m    LOG[39m [38;5;3m[JogoService] [39m[32m[SYNC] Iniciando sincronização: fase=fase-inexistente, campeonato=copa-do-mundo-2026, faseSlug=fase-de-grupos-copa-do-mundo-2026[39m
[32m[Nest] 3087  - [39m06/17/2026, 9:31:05 PM [32m    LOG[39m [38;5;3m[JogoService] [39m[32m[SYNC] Iniciando sincronização: fase=fase-sync-1, campeonato=invalido, faseSlug=qualquer[39m
[32m[Nest] 3087  - [39m06/17/2026, 9:31:05 PM [32m    LOG[39m [38;5;3m[JogoService] [39m[32m[SYNC] Iniciando sincronização: fase=fase-sync-1, campeonato=copa-do-mundo-2026, faseSlug=fase-de-grupos-copa-do-mundo-2026[39m
[32m[Nest] 3087  - [39m06/17/2026, 9:31:05 PM [32m    LOG[39m [38;5;3m[JogoService] [39m[32m[SYNC] Fases para sincronizar: 1 (Fase de Grupos - Grupo A)[39m
[32m[Nest] 3087  - [39m06/17/2026, 9:31:05 PM [32m    LOG[39m [38;5;3m[JogoService] [39m[32m[SYNC] rodadaAtual=1, limiteRodada=2, jogosParaSync=0[39m
[32m[Nest] 3087  - [39m06/17/2026, 9:31:05 PM [32m    LOG[39m [38;5;3m[JogoService] [39m[32m[SYNC] Nenhum jogo para sincronizar[39m
 [32m✓[39m test/modules/jogos/sincronizacao-multi-campeonato.spec.ts [2m([22m[2m10 tests[22m[2m)[22m[32m 66[2mms[22m[39m
 [32m✓[39m test/modules/palpites/palpite.controller.spec.ts [2m([22m[2m11 tests[22m[2m)[22m[32m 50[2mms[22m[39m
 [32m✓[39m test/modules/palpites/token-dobro.service.spec.ts [2m([22m[2m11 tests[22m[2m)[22m[32m 32[2mms[22m[39m
 [32m✓[39m test/modules/grupo-usuario/grupo-usuario.controller.spec.ts [2m([22m[2m8 tests[22m[2m)[22m[32m 52[2mms[22m[39m
 [32m✓[39m test/modules/palpites/palpite.service.criarLote.spec.ts [2m([22m[2m5 tests[22m[2m)[22m[32m 31[2mms[22m[39m
 [32m✓[39m test/modules/auth/auth.service.spec.ts [2m([22m[2m19 tests[22m[2m)[22m[32m 69[2mms[22m[39m
 [32m✓[39m test/modules/jogos/jogo.controller.spec.ts [2m([22m[2m9 tests[22m[2m)[22m[32m 55[2mms[22m[39m
 [32m✓[39m test/modules/grupos/grupos.controller.spec.ts [2m([22m[2m8 tests[22m[2m)[22m[32m 34[2mms[22m[39m
 [32m✓[39m test/modules/jogos/fase.service.spec.ts [2m([22m[2m7 tests[22m[2m)[22m[32m 41[2mms[22m[39m
 [32m✓[39m test/modules/auth/auth.controller.spec.ts [2m([22m[2m8 tests[22m[2m)[22m[32m 36[2mms[22m[39m
 [32m✓[39m test/modules/jogos/campeonato-config.spec.ts [2m([22m[2m20 tests[22m[2m)[22m[32m 36[2mms[22m[39m
 [32m✓[39m test/modules/ranking/ranking.controller.spec.ts [2m([22m[2m8 tests[22m[2m)[22m[32m 58[2mms[22m[39m
 [32m✓[39m test/common/guards/group-role.guard.spec.ts [2m([22m[2m6 tests[22m[2m)[22m[32m 26[2mms[22m[39m
 [32m✓[39m test/modules/palpites/palpite-dobrado.controller.spec.ts [2m([22m[2m6 tests[22m[2m)[22m[32m 36[2mms[22m[39m
 [32m✓[39m test/modules/jogos/fase.controller.spec.ts [2m([22m[2m3 tests[22m[2m)[22m[32m 21[2mms[22m[39m
 [32m✓[39m test/common/pipes/parse-uuid-custom.pipe.spec.ts [2m([22m[2m4 tests[22m[2m)[22m[32m 60[2mms[22m[39m
[31m[Nest] 3193  - [39m06/17/2026, 9:31:09 PM [31m  ERROR[39m [38;5;3m[PrismaExceptionFilter] [39m[31mPrisma error [P2002]: Unique constraint failed[39m
{"target":["email"]}
[31m[Nest] 3193  - [39m06/17/2026, 9:31:09 PM [31m  ERROR[39m [38;5;3m[PrismaExceptionFilter] [39m[31mPrisma error [P2002]: Unique constraint failed[39m
[31m[Nest] 3193  - [39m06/17/2026, 9:31:09 PM [31m  ERROR[39m [38;5;3m[PrismaExceptionFilter] [39m[31mPrisma error [P2003]: Foreign key constraint failed[39m
 [32m✓[39m test/common/filters/prisma-exception.filter.spec.ts [2m([22m[2m3 tests[22m[2m)[22m[32m 37[2mms[22m[39m
[32m[Nest] 3200  - [39m06/17/2026, 9:31:09 PM [32m    LOG[39m [38;5;3m[HTTP] [39m[32mGET /api/test 200 - 0ms[39m
[33m[Nest] 3200  - [39m06/17/2026, 9:31:09 PM [33m   WARN[39m [38;5;3m[HTTP] [39m[33mGET /api/test 404 - 0ms[39m
[31m[Nest] 3200  - [39m06/17/2026, 9:31:09 PM [31m  ERROR[39m [38;5;3m[HTTP] [39m[31mGET /api/test 500 - 1ms[39m
 [32m✓[39m test/common/middleware/logger.middleware.spec.ts [2m([22m[2m5 tests[22m[2m)[22m[32m 35[2mms[22m[39m
 [32m✓[39m test/modules/usuarios/usuarios.controller.spec.ts [2m([22m[2m7 tests[22m[2m)[22m[32m 40[2mms[22m[39m
 [32m✓[39m test/modules/campeonatos/campeonatos.service.spec.ts [2m([22m[2m2 tests[22m[2m)[22m[32m 30[2mms[22m[39m
 [32m✓[39m test/modules/jogos/jogo.service.buscarPorFase.spec.ts [2m([22m[2m7 tests[22m[2m)[22m[32m 41[2mms[22m[39m
 [32m✓[39m test/common/guards/self-or-admin.guard.spec.ts [2m([22m[2m4 tests[22m[2m)[22m[32m 20[2mms[22m[39m
 [32m✓[39m test/common/errors/error.factory.spec.ts [2m([22m[2m5 tests[22m[2m)[22m[32m 25[2mms[22m[39m
 [32m✓[39m test/modules/ranking/pontuacao.service.spec.ts [2m([22m[2m6 tests[22m[2m)[22m[32m 20[2mms[22m[39m
 [32m✓[39m test/modules/palpites/painel-rodada.controller.spec.ts [2m([22m[2m2 tests[22m[2m)[22m[32m 15[2mms[22m[39m
 [32m✓[39m test/app.controller.spec.ts [2m([22m[2m1 test[22m[2m)[22m[32m 16[2mms[22m[39m
 [32m✓[39m test/modules/campeonatos/campeonatos.controller.spec.ts [2m([22m[2m1 test[22m[2m)[22m[32m 6[2mms[22m[39m
 [32m✓[39m test/modules/temporadas/temporadas.controller.spec.ts [2m([22m[2m1 test[22m[2m)[22m[32m 6[2mms[22m[39m

[2m Test Files [22m [1m[32m44 passed[39m[22m[90m (44)[39m
[2m      Tests [22m [1m[32m487 passed[39m[22m[90m (487)[39m
[2m   Start at [22m 21:31:01
[2m   Duration [22m 9.73s[2m (transform 4.19s, setup 0ms, import 42.51s, tests 3.09s, environment 18ms)[22m

